#separator \x09
#set_separator	,
#empty_field	(empty)
#unset_field	-
#path	quic
#open	2026-08-02-12-50-47
#fields	ts	uid	id.orig_h	id.orig_p	id.resp_h	id.resp_p	version	client_initial_dcid	client_scid	server_scid	server_name	client_protocol	history
#types	time	string	addr	port	addr	port	string	string	string	string	string	string	string
1785655148.888088	Ctk9kN2StcUKg9iTVg	2401:4900:884c:2c30:8090:a1ca:43bc:9e92	62363	2001:4860:4826:7700::	443	1	65d1481ac17061e8487aae80bee9ee7f84	bd4c30	e5d1481ac17061e8	www.google.com	h3	IXISXiiiisIXIXihhhoHHOOOoooOo
1785655147.867495	Clm3n52FqWSDm7CpG6	2401:4900:884c:2c30:8090:a1ca:43bc:9e92	63059	2404:6800:4003:c00::77	443	1	e991d525deb0d319	406e68	e991d525deb0d319	i.ytimg.com	h3	IXIISZXiiiiishooIHOoOOooOoOoOoO
1785655149.265405	CHWGUO2oK2ygaw6o4g	2401:4900:884c:2c30:8090:a1ca:43bc:9e92	55581	2404:6800:4003:c01::84	443	1	0910a6e40cf83cbf	93b5d6	e910a6e40cf83cbf	yt3.ggpht.com	h3	IXIISZXZiiiiishoIHOooOoOOooO
1785655150.216081	CAkpBqV0iHxFBksx3	2401:4900:884c:2c30:8090:a1ca:43bc:9e92	58405	2404:6800:4007:821::200e	443	1	14c6b4072129c0a9	2078ac	f4c6b4072129c0a9	accounts.youtube.com	h3	IXIISZZZiiiiIZZiishoIHOooOOoOoO
1785655298.809505	C0NNU4Vw4nUVI9aC	2401:4900:884c:2c30:8090:a1ca:43bc:9e92	57439	2404:6800:4003:c00::77	443	1	427b784cc5c99f673e0560d9649770853577	a6fc93	e27b784cc5c99f67	i.ytimg.com	h3	IXIISZXiiiiishooIHOoOOooOoOoO
1785655300.218268	CH1J7b2A5W5vmRNJic	2401:4900:884c:2c30:8090:a1ca:43bc:9e92	49749	2404:6800:4003:c02::84	443	1	6aedd952ca094fce	9116ac	eaedd952ca094fce	yt3.ggpht.com	h3	IXIISZZiiiiishoIHOoooOoOOoO
1785655300.655769	CHU7NO3KMmq14EHRJf	2401:4900:884c:2c30:8090:a1ca:43bc:9e92	58973	2404:6800:4007:821::200e	443	1	28d56ea73acee073c2e0	188d66	e8d56ea73acee073	accounts.youtube.com	h3	IXIISZZZiiiiishoIHOOooOoOo
1785655687.482319	CMM3z22HqumxbaqPYc	2401:4900:884c:2c30:8090:a1ca:43bc:9e92	60628	2404:6800:4007:82f::200e	443	1	8edbdc11b5821dce	(empty)	eedbdc11b5821dce	calendar.google.com	h3	IISiiiiisIhhhhoHHHOOOooO
1785655687.959636	C2gBgi2q1rD3ZV7srl	2401:4900:884c:2c30:8090:a1ca:43bc:9e92	54733	2404:6800:4007:834::200e	443	1	dc20c23363ad89c4	(empty)	fc20c23363ad89c4	calendar.google.com	h3	IISiiiiisIhhhhoHHOOOooOo
1785655688.355003	CYgGee4foPczsmXbuf	2401:4900:884c:2c30:8090:a1ca:43bc:9e92	62579	2404:6800:4007:834::200e	443	1	e21b07510b98cac2	(empty)	e21b07510b98cac2	calendar.google.com	h3	IISiiiiisIhhhhoHHOOOoooO
1785655688.792808	CiFlM83PKdsnqPobIb	2401:4900:884c:2c30:8090:a1ca:43bc:9e92	61885	2404:6800:4007:834::200e	443	1	5c93f1020c7372c0	(empty)	fc93f1020c7372c0	calendar.google.com	h3	IISiiiiisIhhhhoHHOOOoooO
1785655689.231396	CrRmlK3HMZtlNiRSMc	2401:4900:884c:2c30:8090:a1ca:43bc:9e92	53205	2404:6800:4007:834::200e	443	1	38812b6aa4a9cce2	(empty)	f8812b6aa4a9cce2	calendar.google.com	h3	IISiiiiisIhhhhoHHOOOoOoo
1785655748.271578	CB5FfA34cU5Njq5sJg	2401:4900:884c:2c30:8090:a1ca:43bc:9e92	56454	2403:300:1364:0:8::1	443	1	4c38385e16ac39a5	(empty)	fdcbcbd247bd623ce0f44e23cfdaae96b9be754c	gateway.icloud.com	h3	IISiiishhhhIHHOOOoooOoOoo
1785655752.459042	COvd672GXPoF12neek	2401:4900:884c:2c30:8090:a1ca:43bc:9e92	50955	2404:6800:4007:821::200e	443	1	8894b9b79c0e75b1	9aa2e5	e894b9b79c0e75b1	accounts.youtube.com	h3	IXIISZXiiiiIZXZishooIHOOoOo
1785655793.951681	C7K48HjlBABJn51j7	2401:4900:884c:2c30:8090:a1ca:43bc:9e92	51274	2404:6800:4007:815::200e	443	1	3729f7bf6bb47c3d	(empty)	f729f7bf6bb47c3d	update.googleapis.com	h3	IISiiiiisIhhhoHHOOOoOoo
1785655914.686862	C2d1Oj4keiRXkq51g	2401:4900:884c:2c30:8090:a1ca:43bc:9e92	61872	2001:4860:482c:400::	443	1	820d70bf14c04542	b66161	e20d70bf14c04542	www.youtube.com	h3	IXISXiiiisIXIXhhhoHHOOOioo
1785656336.462653	Cz44aL6MVIWENx6V5	2401:4900:884c:2c30:8090:a1ca:43bc:9e92	60981	2600:140f:9800::17c8:eeab	443	1	cc26b274134f97db	(empty)	03ba391e1981b920	bag.itunes.apple.com	h3	IISiiishhhhhIHHOOoooOooO
1785656353.957276	CMYYxmJpjLMIvftei	2401:4900:884c:2c30:8090:a1ca:43bc:9e92	53046	2404:6800:4007:808::200e	443	1	48c5d05727c3214113	02c5c5	e8c5d05727c32141	accounts.youtube.com	h3	IXIISZXiiiiIZXZishooIHOOioOo
